ID,Channel,Content Length,Content
560653879788830732,general,7,Remebet
560653914249101332,general,10,We can win
560654206491688980,pewdiepie-vs-tseries,32,They are fucking 1000 subs ahead
560654256739450900,pewdiepie-vs-tseries,7,And how
560654611191431210,pewdiepie-vs-tseries,22,Join public lobby vc 2
