ID,Content Length,Content
560653879788830732,7,Remebet
560653914249101332,10,We can win
