ID,Content Length,Content
560654206491688980,32,They are fucking 1000 subs ahead
560654256739450900,7,And how
560654611191431210,22,Join public lobby vc 2
