ID,Server,Channel,Content Length,Content
560653879788830732,FlareTV - PewDiePie vs T-Series,general,7,Remebet
560653914249101332,FlareTV - PewDiePie vs T-Series,general,10,We can win
560654206491688980,FlareTV - PewDiePie vs T-Series,pewdiepie-vs-tseries,32,They are fucking 1000 subs ahead
560654256739450900,FlareTV - PewDiePie vs T-Series,pewdiepie-vs-tseries,7,And how
560654611191431210,FlareTV - PewDiePie vs T-Series,pewdiepie-vs-tseries,22,Join public lobby vc 2
