ID,Channel,Content Length,Content
560976830648287276,battle-royale,71,it took them forever to get magma in the shopNLi've been waiting so long
