ID,Content Length,Content
560998207728123930,807,Dark eSports _ we are a new clan We accept any platform                                                                                                                                                  Causal Team _ Wins 10+NL Professional Team _ 50 Wins +NL Legends Team _ 100 Wins +                                                                                                                                                                                                                         DM If For Invite Link 👌NLplease advertiseNLif you canNLthanks!NLRequirements ❗ NLNL👉 MicrophoneNL👉 Able To Speak EnglishNL👉 Active On Fortnite/DiscordNL👉 Age 13+ NLNL>>>Attitude<<<NLNL✴ PoliteNL✴ PositiveNL✴ MatureNL✴ DiscordNLNL ❕  Teams ❕ NL👉 PC Both NA And EUNL👉 PlayStation All RegionsNL👉 Xbox All RegionsNL👉 Switch All Regions
